service_fish/main.go:10:2: package serve/fish_comm/broadcaster is not in std (/usr/local/go/src/serve/fish_comm/broadcaster)
service_fish/main.go:11:2: package serve/fish_comm/flux is not in std (/usr/local/go/src/serve/fish_comm/flux)
service_fish/main.go:12:2: package serve/fish_comm/logger is not in std (/usr/local/go/src/serve/fish_comm/logger)
service_fish/main.go:13:2: package serve/fish_comm/mysql is not in std (/usr/local/go/src/serve/fish_comm/mysql)
service_fish/main.go:14:2: package serve/fish_comm/player is not in std (/usr/local/go/src/serve/fish_comm/player)
service_fish/main.go:5:2: package serve/fish_comm/version is not in std (/usr/local/go/src/serve/fish_comm/version)
service_fish/main.go:15:2: package serve/fish_comm/watchdog is not in std (/usr/local/go/src/serve/fish_comm/watchdog)
service_fish/application/watchdogfish/maintain.go:7:2: package serve/fish_comm/jackpot-client is not in std (/usr/local/go/src/serve/fish_comm/jackpot-client)
service_fish/domain/fish/fish_pool.go:20:2: package serve/fish_comm/common is not in std (/usr/local/go/src/serve/fish_comm/common)
service_fish/domain/fish/fish.go:9:2: package serve/fish_comm/error-code is not in std (/usr/local/go/src/serve/fish_comm/error-code)
service_fish/domain/file/fish_file_data.go:8:2: package serve/fish_comm/rng is not in std (/usr/local/go/src/serve/fish_comm/rng)
service_fish/domain/broadcaster/broadcaster_fish.go:6:2: package serve/fish_comm/broadcaster/proto is not in std (/usr/local/go/src/serve/fish_comm/broadcaster/proto)
service_fish/domain/broadcaster/broadcaster_fish.go:7:2: package serve/fish_comm/common/proto is not in std (/usr/local/go/src/serve/fish_comm/common/proto)
service_fish/domain/broadcaster/broadcaster_fish.go:10:2: package serve/fish_comm/format is not in std (/usr/local/go/src/serve/fish_comm/format)
service_fish/application/gameuser/game_user.go:30:2: package serve/fish_comm/blacklist is not in std (/usr/local/go/src/serve/fish_comm/blacklist)
service_fish/application/gameuser/game_user.go:36:2: package serve/fish_comm/heart-beat is not in std (/usr/local/go/src/serve/fish_comm/heart-beat)
service_fish/application/gameuser/game_user.go:37:2: package serve/fish_comm/idle is not in std (/usr/local/go/src/serve/fish_comm/idle)
service_fish/application/gameuser/game_user.go:38:2: package serve/fish_comm/jackpot-client/jackpot is not in std (/usr/local/go/src/serve/fish_comm/jackpot-client/jackpot)
service_fish/application/gameuser/game_user.go:40:2: package serve/fish_comm/maintain is not in std (/usr/local/go/src/serve/fish_comm/maintain)
service_fish/application/gameuser/game_user.go:41:2: package serve/fish_comm/mediator is not in std (/usr/local/go/src/serve/fish_comm/mediator)
service_fish/application/gameuser/game_user.go:43:2: package serve/fish_comm/session is not in std (/usr/local/go/src/serve/fish_comm/session)
service_fish/application/gameuser/game_user.go:44:2: package serve/fish_comm/session-manager is not in std (/usr/local/go/src/serve/fish_comm/session-manager)
service_fish/application/gameuser/game_user.go:45:2: package serve/fish_comm/vip is not in std (/usr/local/go/src/serve/fish_comm/vip)
service_fish/application/gameuser/game_user.go:46:2: package serve/fish_comm/wallet is not in std (/usr/local/go/src/serve/fish_comm/wallet)
service_fish/application/accountingmanager/accounting_manager.go:19:2: package serve/fish_comm/accounting is not in std (/usr/local/go/src/serve/fish_comm/accounting)
service_fish/domain/auth/service.go:8:2: package serve/fish_comm/http is not in std (/usr/local/go/src/serve/fish_comm/http)
service_fish/application/activity/service.go:7:2: package serve/fish_comm/redis is not in std (/usr/local/go/src/serve/fish_comm/redis)
service_fish/application/botuser/bot_user.go:24:2: package serve/fish_comm/common-function is not in std (/usr/local/go/src/serve/fish_comm/common-function)
